exports[`<LoginFormContainer /> renders correctly 1`] = `
<LoginForm
  onChange={[Function]}
  onSubmit={[Function]}
  user={
    Object {
      "email": "",
      "password": "",
    }
  } />
`;
