// Jest Snapshot v1, https://goo.gl/fbAQLP

exports[`<Missing /> renders correctly 1`] = `
<div>
  That page does not exist.
</div>
`;
