// Jest Snapshot v1, https://goo.gl/fbAQLP

exports[`<NotificationContainer /> renders correctly 1`] = `
<styled.div>
  <styled.div>
    message
  </styled.div>
</styled.div>
`;

exports[`<NotificationContainer /> renders correctly when there are no notifications 1`] = `null`;
