exports[`<Navigation /> renders correctly 1`] = `
<nav>
  <Styled(undefined)
    to="/">
    Home
  </Styled(undefined)>
  <Styled(undefined)
    to="/login">
    Login
  </Styled(undefined)>
  <Styled(undefined)
    to="/signup">
    Signup
  </Styled(undefined)>
</nav>
`;
