// Jest Snapshot v1, https://goo.gl/fbAQLP

exports[`<DumbResetPasswordForm /> renders correctly 1`] = `
<form
  onSubmit={[Function]}
>
  <Field
    component={[Function]}
    fullWidth={true}
    label="Password"
    name="password"
    type="password"
  />
  <Field
    component={[Function]}
    fullWidth={true}
    label="Repeat password"
    name="passwordConfirmation"
    type="password"
  />
  <RaisedButton
    disabled={true}
    fullWidth={true}
    label="Reset password"
    labelPosition="after"
    primary={true}
    secondary={false}
    type="submit"
  />
</form>
`;

exports[`<DumbResetPasswordForm /> warns of a missing token 1`] = `
<div>
  Could not find a token. Did you use the correct link?
</div>
`;
