// Jest Snapshot v1, https://goo.gl/fbAQLP

exports[`<Scene /> renders correctly 1`] = `
<div>
  <h1>
    Home
  </h1>
</div>
`;
