exports[`<ForgotPasswordContainer /> renders correctly 1`] = `
<ForgotPassword
  email=""
  errors={Object {}}
  onChange={[Function]}
  onSubmit={[Function]} />
`;
