// Jest Snapshot v1, https://goo.gl/fbAQLP

exports[`<ForgotPasswordSuccess /> renders correctly 1`] = `
<div>
  If your email is associated with an account with us we will send you an email with a link to reset your password. Check your email to continue.
</div>
`;
