exports[`<ResetPasswordContainer /> renders correctly 1`] = `
<ResetPassword
  errors={Object {}}
  hasToken={false}
  onChange={[Function]}
  onSubmit={[Function]}
  password=""
  passwordConfirmation="" />
`;
