// Jest Snapshot v1, https://goo.gl/fbAQLP

exports[`<Scene /> renders correctly 1`] = `
<div>
  <h1>
    Signup successful
  </h1>
  <p>
    Check your email to confirm your subscription
  </p>
</div>
`;
