// Jest Snapshot v1, https://goo.gl/fbAQLP

exports[`<ProtectedRoute /> renders a redirect when hasAuth is false 1`] = `
<Redirect
  push={false}
  to="/login"
/>
`;

exports[`<ProtectedRoute /> renders the route when hasAuth is true 1`] = `
<Route
  exact={true}
  path="/"
  render={[Function]}
/>
`;
