exports[`<Alert /> renders correctly 1`] = `
<MuiComponent>
  <p>
    message
  </p>
  <p>
    message
  </p>
</MuiComponent>
`;
