exports[`<AlertWrapper /> renders correctly 1`] = `
<div
  className="iUyTNb" />
`;
