// Jest Snapshot v1, https://goo.gl/fbAQLP

exports[`<DialogHeader /> renders correctly 1`] = `
<CardHeader
  avatar={null}
  style={
    Object {
      "background": "blue",
    }
  }
/>
`;
