// Jest Snapshot v1, https://goo.gl/fbAQLP

exports[`<DialogFooter /> renders correctly 1`] = `
.bbMsWb {
  margin: 1.5rem 0 1rem;
  -webkit-text-align: center;
  text-align: center;
}

<div
  className="sc-bdVaJa bbMsWb"
/>
`;
