exports[`<App /> renders correctly 1`] = `
<Provider
  store={Object {}}>
  <MuiThemeProvider>
    <BrowserRouter>
      <mockConstructor />
    </BrowserRouter>
  </MuiThemeProvider>
</Provider>
`;
