exports[`<Routes /> renders correctly 1`] = `
<div>
  <Header />
  <Match
    component={[Function]}
    exactly={false}
    pattern="/home" />
  <Match
    component={[Function]}
    exactly={false}
    pattern="/login" />
</div>
`;
