exports[`<Title /> renders correctly 1`] = `
<h1
  className="cTSOot" />
`;
