exports[`<Wrapper /> renders correctly 1`] = `
<header
  className="dWzVJM" />
`;
