// Jest Snapshot v1, https://goo.gl/fbAQLP

exports[`<Wrapper /> renders correctly 1`] = `
.kHFwzF {
  -webkit-align-items: center;
  -webkit-box-align: center;
  -ms-flex-align: center;
  align-items: center;
  background: ;
  display: -webkit-box;
  display: -webkit-flex;
  display: -ms-flexbox;
  display: flex;
  -webkit-box-pack: space-between;
  -webkit-justify-content: space-between;
  -ms-flex-pack: space-between;
  justify-content: space-between;
  margin-bottom: 1rem;
  padding: 0.5rem 1rem;
}

<header
  className="sc-bdVaJa kHFwzF"
/>
`;
